0 verbose cli /data/data/com.termux/files/usr/bin/node /data/data/com.termux/files/usr/bin/npm
1 info using npm@11.16.0
2 info using node@v26.2.0
3 silly config load:file:/data/data/com.termux/files/usr/lib/node_modules/npm/npmrc
4 silly config load:file:/data/data/com.termux/files/home/discord-music-bot/.npmrc
5 silly config load:file:/data/data/com.termux/files/home/.npmrc
6 silly config load:file:/data/data/com.termux/files/usr/etc/npmrc
7 verbose title npm install
8 verbose argv "install"
9 verbose logfile logs-max:10 dir:/data/data/com.termux/files/home/.npm/_logs/2026-06-08T09_45_47_656Z-
10 verbose logfile /data/data/com.termux/files/home/.npm/_logs/2026-06-08T09_45_47_656Z-debug-0.log
11 silly logfile done cleaning log files
12 silly packumentCache heap:1087897600 maxSize:271974400 maxEntrySize:135987200
13 silly idealTree buildDeps
14 silly fetch manifest discord.js@^14.14.1
15 silly packumentCache full:https://registry.npmjs.org/discord.js cache-miss
16 http cache https://registry.npmjs.org/discord.js 247ms (cache hit)
17 silly packumentCache full:https://registry.npmjs.org/discord.js set size:8623303 disposed:false
18 silly fetch manifest @discordjs/voice@^0.16.1
19 silly packumentCache full:https://registry.npmjs.org/@discordjs%2fvoice cache-miss
20 http cache https://registry.npmjs.org/@discordjs%2fvoice 113ms (cache hit)
21 silly packumentCache full:https://registry.npmjs.org/@discordjs%2fvoice set size:6028695 disposed:false
22 silly fetch manifest ytdl-core@^4.11.5
23 silly packumentCache full:https://registry.npmjs.org/ytdl-core cache-miss
24 http cache https://registry.npmjs.org/ytdl-core 61ms (cache hit)
25 silly packumentCache full:https://registry.npmjs.org/ytdl-core set size:498609 disposed:false
26 silly fetch manifest yt-search@^2.3.4
27 silly packumentCache full:https://registry.npmjs.org/yt-search cache-miss
28 http cache https://registry.npmjs.org/yt-search 54ms (cache hit)
29 silly packumentCache full:https://registry.npmjs.org/yt-search set size:230821 disposed:false
30 silly fetch manifest spotify-url-info@^3.2.5
31 silly packumentCache full:https://registry.npmjs.org/spotify-url-info cache-miss
32 http cache https://registry.npmjs.org/spotify-url-info 27ms (cache hit)
33 silly packumentCache full:https://registry.npmjs.org/spotify-url-info set size:228914 disposed:false
34 silly fetch manifest soundcloud-downloader@^0.2.3
35 silly packumentCache full:https://registry.npmjs.org/soundcloud-downloader cache-miss
36 http cache https://registry.npmjs.org/soundcloud-downloader 30ms (cache hit)
37 silly packumentCache full:https://registry.npmjs.org/soundcloud-downloader set size:81935 disposed:false
38 silly fetch manifest dotenv@^16.3.1
39 silly packumentCache full:https://registry.npmjs.org/dotenv cache-miss
40 http cache https://registry.npmjs.org/dotenv 34ms (cache hit)
41 silly packumentCache full:https://registry.npmjs.org/dotenv set size:277832 disposed:false
42 silly fetch manifest ffmpeg-static@^5.2.0
43 silly packumentCache full:https://registry.npmjs.org/ffmpeg-static cache-miss
44 http cache https://registry.npmjs.org/ffmpeg-static 29ms (cache hit)
45 silly packumentCache full:https://registry.npmjs.org/ffmpeg-static set size:101147 disposed:false
46 silly fetch manifest axios@^1.6.0
47 silly packumentCache full:https://registry.npmjs.org/axios cache-miss
48 http cache https://registry.npmjs.org/axios 49ms (cache hit)
49 silly packumentCache full:https://registry.npmjs.org/axios set size:827182 disposed:false
50 silly fetch manifest @distube/ytdl-core@^4.15.2
51 silly packumentCache full:https://registry.npmjs.org/@distube%2fytdl-core cache-miss
52 http cache https://registry.npmjs.org/@distube%2fytdl-core 40ms (cache hit)
53 silly packumentCache full:https://registry.npmjs.org/@distube%2fytdl-core set size:186402 disposed:false
54 silly placeDep ROOT @discordjs/voice@0.16.1 OK for: discord-music-bot@1.0.0 want: ^0.16.1
55 silly placeDep ROOT @distube/ytdl-core@4.16.12 OK for: discord-music-bot@1.0.0 want: ^4.15.2
56 silly placeDep ROOT axios@1.17.0 OK for: discord-music-bot@1.0.0 want: ^1.6.0
57 silly placeDep ROOT discord.js@14.26.4 OK for: discord-music-bot@1.0.0 want: ^14.14.1
58 silly placeDep ROOT dotenv@16.6.1 OK for: discord-music-bot@1.0.0 want: ^16.3.1
59 silly placeDep ROOT ffmpeg-static@5.3.0 OK for: discord-music-bot@1.0.0 want: ^5.2.0
60 silly placeDep ROOT soundcloud-downloader@0.2.4 OK for: discord-music-bot@1.0.0 want: ^0.2.3
61 silly placeDep ROOT spotify-url-info@3.3.0 OK for: discord-music-bot@1.0.0 want: ^3.2.5
62 silly placeDep ROOT yt-search@2.13.1 OK for: discord-music-bot@1.0.0 want: ^2.3.4
63 silly placeDep ROOT ytdl-core@4.11.5 OK for: discord-music-bot@1.0.0 want: ^4.11.5
64 silly fetch manifest ws@^8.14.2
65 silly packumentCache full:https://registry.npmjs.org/ws cache-miss
66 silly fetch manifest tslib@^2.6.2
67 silly packumentCache full:https://registry.npmjs.org/tslib cache-miss
68 silly fetch manifest @types/ws@^8.5.9
69 silly packumentCache full:https://registry.npmjs.org/@types%2fws cache-miss
70 silly fetch manifest prism-media@^1.3.5
71 silly packumentCache full:https://registry.npmjs.org/prism-media cache-miss
72 silly fetch manifest discord-api-types@0.37.61
73 silly packumentCache full:https://registry.npmjs.org/discord-api-types cache-miss
74 silly fetch manifest sax@^1.4.1
75 silly packumentCache full:https://registry.npmjs.org/sax cache-miss
76 silly fetch manifest undici@^7.8.0
77 silly packumentCache full:https://registry.npmjs.org/undici cache-miss
78 http cache https://registry.npmjs.org/@types%2fws 91ms (cache hit)
79 silly packumentCache full:https://registry.npmjs.org/@types%2fws set size:167959 disposed:false
80 silly fetch manifest miniget@^4.2.3
81 silly packumentCache full:https://registry.npmjs.org/miniget cache-miss
82 http cache https://registry.npmjs.org/prism-media 131ms (cache hit)
83 silly packumentCache full:https://registry.npmjs.org/prism-media set size:158576 disposed:false
84 silly fetch manifest m3u8stream@^0.8.6
85 silly packumentCache full:https://registry.npmjs.org/m3u8stream cache-miss
86 http cache https://registry.npmjs.org/sax 152ms (cache hit)
87 silly packumentCache full:https://registry.npmjs.org/sax set size:91199 disposed:false
88 silly fetch manifest tough-cookie@^5.1.2
89 silly packumentCache full:https://registry.npmjs.org/tough-cookie cache-miss
90 http cache https://registry.npmjs.org/ws 207ms (cache hit)
91 silly packumentCache full:https://registry.npmjs.org/ws set size:427091 disposed:false
92 silly fetch manifest http-cookie-agent@^7.0.1
93 silly packumentCache full:https://registry.npmjs.org/http-cookie-agent cache-miss
94 http cache https://registry.npmjs.org/discord-api-types 358ms (cache hit)
95 silly packumentCache full:https://registry.npmjs.org/discord-api-types set size:8182011 disposed:false
96 silly fetch manifest https-proxy-agent@^7.0.6
97 silly packumentCache full:https://registry.npmjs.org/https-proxy-agent cache-miss
98 http cache https://registry.npmjs.org/tslib 1048ms (cache hit)
99 silly packumentCache full:https://registry.npmjs.org/tslib set size:108760 disposed:false
100 silly fetch manifest form-data@^4.0.5
101 silly packumentCache full:https://registry.npmjs.org/form-data cache-miss
102 http cache https://registry.npmjs.org/undici 1076ms (cache hit)
103 silly packumentCache full:https://registry.npmjs.org/undici set size:1457169 disposed:false
104 silly fetch manifest proxy-from-env@^2.1.0
105 silly packumentCache full:https://registry.npmjs.org/proxy-from-env cache-miss
106 http cache https://registry.npmjs.org/miniget 1358ms (cache hit)
107 silly packumentCache full:https://registry.npmjs.org/miniget set size:76662 disposed:false
108 silly fetch manifest follow-redirects@^1.16.0
109 silly packumentCache full:https://registry.npmjs.org/follow-redirects cache-miss
110 http cache https://registry.npmjs.org/m3u8stream 1344ms (cache hit)
111 silly packumentCache full:https://registry.npmjs.org/m3u8stream set size:70942 disposed:false
112 silly fetch manifest https-proxy-agent@^5.0.1
113 silly packumentCache full:https://registry.npmjs.org/https-proxy-agent cache-miss
114 http cache https://registry.npmjs.org/http-cookie-agent 1217ms (cache hit)
115 silly packumentCache full:https://registry.npmjs.org/http-cookie-agent set size:143093 disposed:false
116 silly fetch manifest tslib@^2.6.3
117 silly packumentCache full:https://registry.npmjs.org/tslib cache-hit
118 silly fetch manifest undici@6.24.1
119 silly packumentCache full:https://registry.npmjs.org/undici cache-miss
120 http cache https://registry.npmjs.org/tough-cookie 1372ms (cache hit)
121 silly packumentCache full:https://registry.npmjs.org/tough-cookie set size:149007 disposed:false
122 silly fetch manifest @discordjs/ws@^1.2.3
123 silly packumentCache full:https://registry.npmjs.org/@discordjs%2fws cache-miss
124 http cache https://registry.npmjs.org/form-data 534ms (cache hit)
125 silly packumentCache full:https://registry.npmjs.org/form-data set size:153646 disposed:false
126 silly fetch manifest magic-bytes.js@^1.13.0
127 silly packumentCache full:https://registry.npmjs.org/magic-bytes.js cache-miss
128 http cache https://registry.npmjs.org/https-proxy-agent 610ms (cache hit)
129 silly packumentCache full:https://registry.npmjs.org/https-proxy-agent set size:81258 disposed:false
130 silly fetch manifest @discordjs/rest@^2.6.1
131 silly packumentCache full:https://registry.npmjs.org/@discordjs%2frest cache-miss
132 http cache https://registry.npmjs.org/proxy-from-env 289ms (cache hit)
133 silly packumentCache full:https://registry.npmjs.org/proxy-from-env set size:21422 disposed:false
134 silly fetch manifest @discordjs/util@^1.2.0
135 silly packumentCache full:https://registry.npmjs.org/@discordjs%2futil cache-miss
136 http cache https://registry.npmjs.org/https-proxy-agent 296ms (cache hit)
137 silly packumentCache full:https://registry.npmjs.org/https-proxy-agent set size:81258 disposed:false
138 silly packumentCache full:https://registry.npmjs.org/https-proxy-agent dispose
139 silly fetch manifest fast-deep-equal@3.1.3
140 silly packumentCache full:https://registry.npmjs.org/fast-deep-equal cache-miss
141 http cache https://registry.npmjs.org/follow-redirects 352ms (cache hit)
142 silly packumentCache full:https://registry.npmjs.org/follow-redirects set size:188945 disposed:false
143 silly fetch manifest lodash.snakecase@4.1.1
144 silly packumentCache full:https://registry.npmjs.org/lodash.snakecase cache-miss
145 http cache https://registry.npmjs.org/undici 369ms (cache hit)
146 silly packumentCache full:https://registry.npmjs.org/undici set size:1457169 disposed:false
147 silly fetch manifest discord-api-types@^0.38.40
148 silly packumentCache full:https://registry.npmjs.org/discord-api-types cache-miss
149 http cache https://registry.npmjs.org/magic-bytes.js 413ms (cache hit)
150 silly packumentCache full:https://registry.npmjs.org/magic-bytes.js set size:127104 disposed:false
151 silly fetch manifest @discordjs/builders@^1.14.1
152 silly packumentCache full:https://registry.npmjs.org/@discordjs%2fbuilders cache-miss
153 http cache https://registry.npmjs.org/@discordjs%2frest 464ms (cache hit)
154 silly packumentCache full:https://registry.npmjs.org/@discordjs%2frest set size:6098008 disposed:false
155 silly fetch manifest @sapphire/snowflake@3.5.3
156 silly packumentCache full:https://registry.npmjs.org/@sapphire%2fsnowflake cache-miss
157 http cache https://registry.npmjs.org/@discordjs%2futil 1200ms (cache hit)
158 silly packumentCache full:https://registry.npmjs.org/@discordjs%2futil set size:4416233 disposed:false
159 silly fetch manifest @discordjs/collection@1.5.3
160 silly packumentCache full:https://registry.npmjs.org/@discordjs%2fcollection cache-miss
161 http cache https://registry.npmjs.org/@discordjs%2fws 1819ms (cache hit)
162 silly packumentCache full:https://registry.npmjs.org/@discordjs%2fws set size:5657159 disposed:false
163 silly fetch manifest @discordjs/formatters@^0.6.2
164 silly packumentCache full:https://registry.npmjs.org/@discordjs%2fformatters cache-miss
165 http cache https://registry.npmjs.org/fast-deep-equal 2067ms (cache hit)
166 silly packumentCache full:https://registry.npmjs.org/fast-deep-equal set size:48634 disposed:false
167 silly fetch manifest @derhuerst/http-basic@^8.2.0
168 silly packumentCache full:https://registry.npmjs.org/@derhuerst%2fhttp-basic cache-miss
169 http cache https://registry.npmjs.org/lodash.snakecase 2024ms (cache hit)
170 silly packumentCache full:https://registry.npmjs.org/lodash.snakecase set size:16878 disposed:false
171 silly fetch manifest env-paths@^2.2.0
172 silly packumentCache full:https://registry.npmjs.org/env-paths cache-miss
173 http cache https://registry.npmjs.org/discord-api-types 1965ms (cache hit)
174 silly packumentCache full:https://registry.npmjs.org/discord-api-types set size:8182011 disposed:false
175 silly fetch manifest https-proxy-agent@^5.0.0
176 silly packumentCache full:https://registry.npmjs.org/https-proxy-agent cache-hit
177 silly fetch manifest progress@^2.0.3
178 silly packumentCache full:https://registry.npmjs.org/progress cache-miss
179 http cache https://registry.npmjs.org/@sapphire%2fsnowflake 2098ms (cache hit)
180 silly packumentCache full:https://registry.npmjs.org/@sapphire%2fsnowflake set size:3056270 disposed:false
181 silly fetch manifest @babel/runtime@^7.10.3
182 silly packumentCache full:https://registry.npmjs.org/@babel%2fruntime cache-miss
183 http cache https://registry.npmjs.org/@discordjs%2fbuilders 3022ms (cache hit)
